// Jest Snapshot v1, https://goo.gl/fbAQLP

exports[`<Header /> should match snapshot 1`] = `
.c2 {
  color: #000000;
  font-size: 2.4rem;
  text-transform: uppercase;
}

.c0 {
  display: -webkit-box;
  display: -webkit-flex;
  display: -ms-flexbox;
  display: flex;
  -webkit-align-items: center;
  -webkit-box-align: center;
  -ms-flex-align: center;
  align-items: center;
  -webkit-box-pack: center;
  -webkit-justify-content: center;
  -ms-flex-pack: center;
  justify-content: center;
  padding-bottom: 6.4rem;
  width: 100%;
  max-width: 96rem;
  color: #333333;
  margin: 0 auto;
}

.c0 .c1 {
  margin: 0 0 6px;
}

.c3 {
  display: -webkit-box;
  display: -webkit-flex;
  display: -ms-flexbox;
  display: flex;
  color: inherit;
  -webkit-text-decoration: none;
  text-decoration: none;
  -webkit-align-items: center;
  -webkit-box-align: center;
  -ms-flex-align: center;
  align-items: center;
}

.c3 > img {
  width: 15rem;
  height: 15rem;
  border-radius: 50%;
}

<header
  class="c0"
>
  <h1
    class="c1 c2"
  >
    <a
      class="c3"
      href="/"
      target="_self"
    >
      <img
        alt="salve - Lorem ipsum dolor sit amet, consectetur adipiscing elit. Phasellus ac sodales massa, at convallis eros"
        src="assets/images/csgo.jpg"
      />
    </a>
  </h1>
</header>
`;
