// Jest Snapshot v1, https://goo.gl/fbAQLP

exports[`<PostTags /> should match snapshot 1`] = `null`;
