// Jest Snapshot v1, https://goo.gl/fbAQLP

exports[`<ArticleHeader /> should render ArticleHeader component 1`] = `
.c2 {
  color: #000000;
  line-height: 1.2;
  font-size: 4.0rem;
  text-transform: none;
}

.c0 {
  padding-bottom: 4.0rem;
  margin-bottom: 4.0rem;
  border-bottom: 0.1rem solid #DDDDDD;
}

.c0 .c1 {
  margin: 0;
  margin-bottom: 2.4rem;
}

.c3 {
  margin: 2.4rem 0;
  font-size: 2.4rem;
}

.c4 {
  max-width: 100%;
  display: block;
  margin-bottom: 2.4rem;
}

.c5 {
  font-size: 1.6rem;
  color: #AAAAAA;
  font-style: italic;
}

.c5 .categories span::after {
  content: ', ';
}

.c5 .categories span:last-child::after {
  content: '';
}

.c5 a {
  color: #dc143c;
  -webkit-text-decoration: none;
  text-decoration: none;
  -webkit-transition: all 300ms ease-in-out;
  transition: all 300ms ease-in-out;
}

.c5 a:hover {
  -webkit-filter: brightness(50%);
  filter: brightness(50%);
}

<div
  class="c0"
>
  <h1
    class="c1 c2"
  >
    Qualquer Coisa
  </h1>
  <p
    class="c3"
  >
    Lorem ipsum dolor sit amet, consectetur adipiscing elit. Nulla non pharetra est, a egestas tellus. Quisque lorem ipsum, lobortis quis ex posuere, ornare placerat tortor. Nulla ultrices eu tortor quis tincidunt.
  </p>
  <img
    alt=""
    class="c4"
    src="https://res.cloudinary.com/djve6xgfe/image/upload/v1627833918/na_14eb8ec6d4.jpg"
  />
  <div
    class="c5"
  >
    <p>
      <span>
        Por 
      </span>
      <a
        href="/author/pedro-henrique"
      >
        Pedro Henrique
      </a>
      <span
        class="separator"
      >
        |
      </span>
      <time
        datetime="2021-08-01T16:10:48.512Z"
      >
        em 
        1 de ago. de 2021
      </time>
      <span
        class="separator"
      >
        |
      </span>
      <span
        class="categories"
      >
        <span>
          <a
            href="/category/type-script"
          >
            TypeScript
          </a>
        </span>
      </span>
    </p>
  </div>
</div>
`;
